<html>
<body>
<pre>
<h1>µVision Build Log</h1>
<h2>Project:</h2>
C:\Users\Michael\Documents\MicroP\Lab 1\Lab1_Project.uvproj
Project File Date:  01/22/2014

<h2>Output:</h2>
Rebuild target 'Target 1'
compiling fputc_debug.c...
compiling main.c...
compiling system_stm32f4xx.c...
assembling startup_stm32f40xx.s...
assembling fermat_fact.s...
linking...
Program Size: Code=596 RO-data=424 RW-data=8 ZI-data=1632  
".\obj\Lab1_Project.axf" - 0 Error(s), 0 Warning(s).
Clean started: Project: 'Lab1_Project'
   deleting intermediate output files for target 'Target 1'
error: A1516E: Bad symbol 'HardFault_Handler', not defined or external
src\startup_stm32f40xx.s(73): error: A1516E: Bad symbol 'MemManage_Handler', not defined or external
src\startup_stm32f40xx.s(74): error: A1516E: Bad symbol 'BusFault_Handler', not defined or external
src\startup_stm32f40xx.s(75): error: A1516E: Bad symbol 'UsageFault_Handler', not defined or external
src\startup_stm32f40xx.s(80): error: A1516E: Bad symbol 'SVC_Handler', not defined or external
src\startup_stm32f40xx.s(81): error: A1516E: Bad symbol 'DebugMon_Handler', not defined or external
src\startup_stm32f40xx.s(83): error: A1516E: Bad symbol 'PendSV_Handler', not defined or external
src\startup_stm32f40xx.s(84): error: A1516E: Bad symbol 'SysTick_Handler', not defined or external
src\startup_stm32f40xx.s(87): error: A1516E: Bad symbol 'WWDG_IRQHandler', not defined or external
src\startup_stm32f40xx.s(88): error: A1516E: Bad symbol 'PVD_IRQHandler', not defined or external
src\startup_stm32f40xx.s(89): error: A1516E: Bad symbol 'TAMP_STAMP_IRQHandler', not defined or external
src\startup_stm32f40xx.s(90): error: A1516E: Bad symbol 'RTC_WKUP_IRQHandler', not defined or external
src\startup_stm32f40xx.s(91): error: A1516E: Bad symbol 'FLASH_IRQHandler', not defined or external
src\startup_stm32f40xx.s(92): error: A1516E: Bad symbol 'RCC_IRQHandler', not defined or external
src\startup_stm32f40xx.s(93): error: A1516E: Bad symbol 'EXTI0_IRQHandler', not defined or external
src\startup_stm32f40xx.s(94): error: A1516E: Bad symbol 'EXTI1_IRQHandler', not defined or external
src\startup_stm32f40xx.s(95): error: A1516E: Bad symbol 'EXTI2_IRQHandler', not defined or external
src\startup_stm32f40xx.s(96): error: A1516E: Bad symbol 'EXTI3_IRQHandler', not defined or external
src\startup_stm32f40xx.s(97): error: A1516E: Bad symbol 'EXTI4_IRQHandler', not defined or external
src\startup_stm32f40xx.s(98): error: A1516E: Bad symbol 'DMA1_Stream0_IRQHandler', not defined or external
src\startup_stm32f40xx.s(99): error: A1516E: Bad symbol 'DMA1_Stream1_IRQHandler', not defined or external
src\startup_stm32f40xx.s(100): error: A1516E: Bad symbol 'DMA1_Stream2_IRQHandler', not defined or external
src\startup_stm32f40xx.s(101): error: A1516E: Bad symbol 'DMA1_Stream3_IRQHandler', not defined or external
src\startup_stm32f40xx.s(102): error: A1516E: Bad symbol 'DMA1_Stream4_IRQHandler', not defined or external
src\startup_stm32f40xx.s(103): error: A1516E: Bad symbol 'DMA1_Stream5_IRQHandler', not defined or external
src\startup_stm32f40xx.s(104): error: A1516E: Bad symbol 'DMA1_Stream6_IRQHandler', not defined or external
src\startup_stm32f40xx.s(105): error: A1516E: Bad symbol 'ADC_IRQHandler', not defined or external
src\startup_stm32f40xx.s(106): error: A1516E: Bad symbol 'CAN1_TX_IRQHandler', not defined or external
src\startup_stm32f40xx.s(107): error: A1516E: Bad symbol 'CAN1_RX0_IRQHandler', not defined or external
src\startup_stm32f40xx.s(108): error: A1516E: Bad symbol 'CAN1_RX1_IRQHandler', not defined or external
src\startup_stm32f40xx.s(109): error: A1516E: Bad symbol 'CAN1_SCE_IRQHandler', not defined or external
src\startup_stm32f40xx.s(110): error: A1516E: Bad symbol 'EXTI9_5_IRQHandler', not defined or external
src\startup_stm32f40xx.s(111): error: A1516E: Bad symbol 'TIM1_BRK_TIM9_IRQHandler', not defined or external
src\startup_stm32f40xx.s(112): error: A1516E: Bad symbol 'TIM1_UP_TIM10_IRQHandler', not defined or external
src\startup_stm32f40xx.s(113): error: A1516E: Bad symbol 'TIM1_TRG_COM_TIM11_IRQHandler', not defined or external
src\startup_stm32f40xx.s(114): error: A1516E: Bad symbol 'TIM1_CC_IRQHandler', not defined or external
src\startup_stm32f40xx.s(115): error: A1516E: Bad symbol 'TIM2_IRQHandler', not defined or external
src\startup_stm32f40xx.s(116): error: A1516E: Bad symbol 'TIM3_IRQHandler', not defined or external
src\startup_stm32f40xx.s(117): error: A1516E: Bad symbol 'TIM4_IRQHandler', not defined or external
src\startup_stm32f40xx.s(118): error: A1516E: Bad symbol 'I2C1_EV_IRQHandler', not defined or external
src\startup_stm32f40xx.s(119): error: A1516E: Bad symbol 'I2C1_ER_IRQHandler', not defined or external
src\startup_stm32f40xx.s(120): error: A1516E: Bad symbol 'I2C2_EV_IRQHandler', not defined or external
src\startup_stm32f40xx.s(121): error: A1516E: Bad symbol 'I2C2_ER_IRQHandler', not defined or external
src\startup_stm32f40xx.s(122): error: A1516E: Bad symbol 'SPI1_IRQHandler', not defined or external
src\startup_stm32f40xx.s(123): error: A1516E: Bad symbol 'SPI2_IRQHandler', not defined or external
src\startup_stm32f40xx.s(124): error: A1516E: Bad symbol 'USART1_IRQHandler', not defined or external
src\startup_stm32f40xx.s(125): error: A1516E: Bad symbol 'USART2_IRQHandler', not defined or external
src\startup_stm32f40xx.s(126): error: A1516E: Bad symbol 'USART3_IRQHandler', not defined or external
src\startup_stm32f40xx.s(127): error: A1516E: Bad symbol 'EXTI15_10_IRQHandler', not defined or external
assembling fermat_fact.s...
".\obj\Lab1_Project.axf" - 50 Error(s), 1 Warning(s).
Target not created
