<html>
<body>
<pre>
<h1>µVision Build Log</h1>
<h2>Project:</h2>
C:\Users\Michael\Documents\MicroP\Lab 1\Lab1_Project.uvproj
Project File Date:  01/22/2014

<h2>Output:</h2>
Rebuild target 'Target 1'
compiling fputc_debug.c...
compiling main.c...
compiling system_stm32f4xx.c...
assembling startup_stm32f40xx.s...
assembling fermat_fact.s...
linking...
Program Size: Code=756 RO-data=424 RW-data=8 ZI-data=1632  
".\obj\Lab1_Project.axf" - 0 Error(s), 0 Warning(s).
Clean started: Project: 'Lab1_Project'
   deleting intermediate output files for target 'Target 1'
